// Jest Snapshot v1, https://goo.gl/fbAQLP

exports[`ListView renders properly 1`] = `
<div
  className="list-group list-view-pf list-view-pf-view"
>
  <div
    className="list-group-item"
    onClick={[Function]}
  >
    <div
      className="list-group-item-header"
    >
      <div
        className="list-view-pf-expand"
      >
        <span
          className="fa fa-angle-right"
        />
      </div>
      <div
        className="list-view-pf-main-info"
      >
        <div
          className="list-view-pf-left"
        >
          <span
            className="list-view-of-icon-sm fa fa-space-shuttle"
          />
        </div>
        <div
          className="list-view-pf-body"
        >
          <div
            className="list-view-pf-description"
          >
            <div
              className="list-group-item-heading"
            >
              Item 1
            </div>
            <div
              className="list-group-item-text"
            >
              This is my description for item 1
            </div>
          </div>
          <div
            className="list-view-pf-additional-info"
          >
            
          </div>
        </div>
      </div>
    </div>
    <div
      className="list-group-item-container container-fluid hidden"
    >
      <div
        className="close"
        onClick={[Function]}
      >
        <span
          className="pficon pficon-close"
        />
      </div>
    </div>
  </div>
  <div
    className="list-group-item"
    onClick={[Function]}
  >
    <div
      className="list-group-item-header"
    >
      <div
        className="list-view-pf-expand"
      >
        <span
          className="fa fa-angle-right"
        />
      </div>
      <div
        className="list-view-pf-main-info"
      >
        <div
          className="list-view-pf-left"
        >
          <span
            className="list-view-of-icon-sm fa fa-bomb"
          />
        </div>
        <div
          className="list-view-pf-body"
        >
          <div
            className="list-view-pf-description"
          >
            <div
              className="list-group-item-heading"
            >
              Item 2
            </div>
            <div
              className="list-group-item-text"
            >
              This is my description for item 2
            </div>
          </div>
          <div
            className="list-view-pf-additional-info"
          >
            
          </div>
        </div>
      </div>
    </div>
    <div
      className="list-group-item-container container-fluid hidden"
    >
      <div
        className="close"
        onClick={[Function]}
      >
        <span
          className="pficon pficon-close"
        />
      </div>
    </div>
  </div>
  <div
    className="list-group-item"
    onClick={[Function]}
  >
    <div
      className="list-group-item-header"
    >
      <div
        className="list-view-pf-expand"
      >
        <span
          className="fa fa-angle-right"
        />
      </div>
      <div
        className="list-view-pf-main-info"
      >
        <div
          className="list-view-pf-left"
        >
          <span
            className="list-view-of-icon-sm fa fa-github"
          />
        </div>
        <div
          className="list-view-pf-body"
        >
          <div
            className="list-view-pf-description"
          >
            <div
              className="list-group-item-heading"
            >
              Item 3
            </div>
            <div
              className="list-group-item-text"
            >
              This is my description for item 3
            </div>
          </div>
          <div
            className="list-view-pf-additional-info"
          >
            
          </div>
        </div>
      </div>
    </div>
    <div
      className="list-group-item-container container-fluid hidden"
    >
      <div
        className="close"
        onClick={[Function]}
      >
        <span
          className="pficon pficon-close"
        />
      </div>
    </div>
  </div>
</div>
`;
